// Jest Snapshot v1, https://goo.gl/fbAQLP

exports[`Should render LoginPage correctly 1`] = `
<div
  className="box-layout"
>
  <div
    className="box-layout__box"
  >
    <h1
      className="box-layout__heading"
    >
      Expensify
    </h1>
    <p>
      It's time to get your expenses under control.
    </p>
    <button
      className="login-button"
    >
      Login with Google
    </button>
  </div>
</div>
`;
