// Jest Snapshot v1, https://goo.gl/fbAQLP

exports[`Should render NotFoundPage correctly 1`] = `
<h3>
  404! 
  <Link
    replace={false}
    to="/"
  >
    Go Home
  </Link>
</h3>
`;
